
> gst-tax-wale-frontend@1.0.0 build
> next build

  Γû▓ Next.js 14.2.35
  - Environments: .env

   Creating an optimized production build ...
 Γ£ô Compiled successfully
   Linting and checking validity of types ...
node.exe : Failed to compile.
At line:1 char:1
+ & "C:\nvm4w\nodejs/node.exe" "C:\nvm4w\nodejs/node_modules/npm/bin/np ...
+ ~~~~~~~~~~~~~~~~~~~~~~~~~~~~~~~~~~~~~~~~~~~~~~~~~~~~~~~~~~~~~~~~~~~~~
    + CategoryInfo          : NotSpecified: (Failed to compile.:String) [], Re 
   moteException
    + FullyQualifiedErrorId : NativeCommandError
 

./src/app/admin/customers/page.tsx:45:16
Type error: Property 'name' does not exist on type 'never'.

[0m [90m 43 |[39m   [36mconst[39m filteredCustomers [33m=[39m 
customers[33m.[39mfilter((customer) [33m=>[39m {[0m
[0m [90m 44 |[39m     [36mconst[39m matchesSearch [33m=[39m[0m
[0m[31m[1m>[22m[39m[90m 45 |[39m       customer[33m.[39mname[33m?[39
m[33m.[39mtoLowerCase()[33m.[39mincludes(searchTerm[33m.[39mtoLowerCase()
) [33m||[39m[0m
[0m [90m    |[39m                [31m[1m^[22m[39m[0m
[0m [90m 46 |[39m       customer[33m.[39memail[33m?[39m[33m.[39mtoLowe
rCase()[33m.[39mincludes(searchTerm[33m.[39mtoLowerCase()) [33m||[39m[0m
[0m [90m 47 |[39m       
customer[33m.[39mpan[33m?[39m[33m.[39mincludes(searchTerm)[33m;[39m[0m
[0m [90m 48 |[39m[0m
Next.js build worker exited with code: 1 and signal: null
